// Jest Snapshot v1, https://goo.gl/fbAQLP

exports[`FullscreenModal component 
  dimension: "large", open: true
 1`] = `
<body>
  <div
    class="Overlay-wrapper"
  >
    <div
      class="Overlay-container Overlay-container--open"
      data-layer="true"
      data-test="DesignSystem-FullscreenModalContainer"
    >
      <div
        class="FullscreenModal FullscreenModal--open FullscreenModal-animation--open"
        data-test="DesignSystem-FullscreenModal"
      >
        <div
          class="Row justify-content-center"
          data-test="DesignSystem-Row"
        >
          <div
            class="Col Col--6 Col--xs-12 Col--m-8 Col--l-8"
          >
            <div
              class="Row FullscreenModal-header"
              data-test="DesignSystem-Row"
            >
              <div
                class="Col"
              >
                <div
                  class="OverlayHeader"
                  data-test="DesignSystem-OverlayHeader"
                >
                  <div
                    class="OverlayHeader-headerWrapper"
                  />
                </div>
              </div>
              <div
                class="Col flex-grow-0"
              >
                <button
                  class="Button Button--regular Button--regularSquare Button--transparent"
                  data-test="DesignSystem-FullscreenModal--CloseButton"
                  tabindex="0"
                >
                  <div
                    class="Button-icon"
                  >
                    <i
                      class="material-icons material-icons-round Icon Icon--default"
                      data-test="DesignSystem-Button--Icon"
                      style="font-size: 16px; width: 16px;"
                    >
                      close_round
                    </i>
                  </div>
                </button>
              </div>
            </div>
            <div
              class="OverlayBody FullscreenModal-body"
              data-test="DesignSystem-FullscreenModal--Body"
            >
              this is modal body
            </div>
          </div>
        </div>
      </div>
    </div>
  </div>
  <div />
</body>
`;

exports[`FullscreenModal component 
  dimension: "medium", open: true
 1`] = `
<body>
  <div />
  <div
    class="Overlay-wrapper"
  >
    <div
      class="Overlay-container Overlay-container--open"
      data-layer="true"
      data-test="DesignSystem-FullscreenModalContainer"
    >
      <div
        class="FullscreenModal FullscreenModal--open FullscreenModal-animation--open"
        data-test="DesignSystem-FullscreenModal"
      >
        <div
          class="Row justify-content-center"
          data-test="DesignSystem-Row"
        >
          <div
            class="Col Col--4 Col--xs-12 Col--m-6 Col--l-6"
          >
            <div
              class="Row FullscreenModal-header"
              data-test="DesignSystem-Row"
            >
              <div
                class="Col"
              >
                <div
                  class="OverlayHeader"
                  data-test="DesignSystem-OverlayHeader"
                >
                  <div
                    class="OverlayHeader-headerWrapper"
                  />
                </div>
              </div>
              <div
                class="Col flex-grow-0"
              >
                <button
                  class="Button Button--regular Button--regularSquare Button--transparent"
                  data-test="DesignSystem-FullscreenModal--CloseButton"
                  tabindex="0"
                >
                  <div
                    class="Button-icon"
                  >
                    <i
                      class="material-icons material-icons-round Icon Icon--default"
                      data-test="DesignSystem-Button--Icon"
                      style="font-size: 16px; width: 16px;"
                    >
                      close_round
                    </i>
                  </div>
                </button>
              </div>
            </div>
            <div
              class="OverlayBody FullscreenModal-body"
              data-test="DesignSystem-FullscreenModal--Body"
            >
              this is modal body
            </div>
          </div>
        </div>
      </div>
    </div>
  </div>
</body>
`;
