// Jest Snapshot v1, https://goo.gl/fbAQLP

exports[`Icon component 
  name: "events", size: 50, appearance: "accent1", onClick: "[Function]"
 1`] = `
<body>
  <div>
    <i
      class="material-icons material-icons-round Icon Icon--accent1"
      style="font-size: 50px; width: 50px;"
    >
      events_round
    </i>
  </div>
</body>
`;

exports[`Icon component 
  name: "events", size: 50, appearance: "accent1_dark", onClick: "[Function]"
 1`] = `
<body>
  <div>
    <i
      class="material-icons material-icons-round Icon Icon--accent1Dark"
      style="font-size: 50px; width: 50px;"
    >
      events_round
    </i>
  </div>
</body>
`;

exports[`Icon component 
  name: "events", size: 50, appearance: "accent1_lighter", onClick: "[Function]"
 1`] = `
<body>
  <div>
    <i
      class="material-icons material-icons-round Icon Icon--accent1Lighter"
      style="font-size: 50px; width: 50px;"
    >
      events_round
    </i>
  </div>
</body>
`;

exports[`Icon component 
  name: "events", size: 50, appearance: "accent2", onClick: "[Function]"
 1`] = `
<body>
  <div>
    <i
      class="material-icons material-icons-round Icon Icon--accent2"
      style="font-size: 50px; width: 50px;"
    >
      events_round
    </i>
  </div>
</body>
`;

exports[`Icon component 
  name: "events", size: 50, appearance: "accent2_dark", onClick: "[Function]"
 1`] = `
<body>
  <div>
    <i
      class="material-icons material-icons-round Icon Icon--accent2Dark"
      style="font-size: 50px; width: 50px;"
    >
      events_round
    </i>
  </div>
</body>
`;

exports[`Icon component 
  name: "events", size: 50, appearance: "accent2_lighter", onClick: "[Function]"
 1`] = `
<body>
  <div>
    <i
      class="material-icons material-icons-round Icon Icon--accent2Lighter"
      style="font-size: 50px; width: 50px;"
    >
      events_round
    </i>
  </div>
</body>
`;

exports[`Icon component 
  name: "events", size: 50, appearance: "accent3", onClick: "[Function]"
 1`] = `
<body>
  <div>
    <i
      class="material-icons material-icons-round Icon Icon--accent3"
      style="font-size: 50px; width: 50px;"
    >
      events_round
    </i>
  </div>
</body>
`;

exports[`Icon component 
  name: "events", size: 50, appearance: "accent3_dark", onClick: "[Function]"
 1`] = `
<body>
  <div>
    <i
      class="material-icons material-icons-round Icon Icon--accent3Dark"
      style="font-size: 50px; width: 50px;"
    >
      events_round
    </i>
  </div>
</body>
`;

exports[`Icon component 
  name: "events", size: 50, appearance: "accent3_lighter", onClick: "[Function]"
 1`] = `
<body>
  <div>
    <i
      class="material-icons material-icons-round Icon Icon--accent3Lighter"
      style="font-size: 50px; width: 50px;"
    >
      events_round
    </i>
  </div>
</body>
`;

exports[`Icon component 
  name: "events", size: 50, appearance: "accent4", onClick: "[Function]"
 1`] = `
<body>
  <div>
    <i
      class="material-icons material-icons-round Icon Icon--accent4"
      style="font-size: 50px; width: 50px;"
    >
      events_round
    </i>
  </div>
</body>
`;

exports[`Icon component 
  name: "events", size: 50, appearance: "accent4_dark", onClick: "[Function]"
 1`] = `
<body>
  <div>
    <i
      class="material-icons material-icons-round Icon Icon--accent4Dark"
      style="font-size: 50px; width: 50px;"
    >
      events_round
    </i>
  </div>
</body>
`;

exports[`Icon component 
  name: "events", size: 50, appearance: "accent4_lighter", onClick: "[Function]"
 1`] = `
<body>
  <div>
    <i
      class="material-icons material-icons-round Icon Icon--accent4Lighter"
      style="font-size: 50px; width: 50px;"
    >
      events_round
    </i>
  </div>
</body>
`;

exports[`Icon component 
  name: "events", size: 50, appearance: "alert", onClick: "[Function]"
 1`] = `
<body>
  <div>
    <i
      class="material-icons material-icons-round Icon Icon--alert"
      style="font-size: 50px; width: 50px;"
    >
      events_round
    </i>
  </div>
</body>
`;

exports[`Icon component 
  name: "events", size: 50, appearance: "alert_dark", onClick: "[Function]"
 1`] = `
<body>
  <div>
    <i
      class="material-icons material-icons-round Icon Icon--alertDark"
      style="font-size: 50px; width: 50px;"
    >
      events_round
    </i>
  </div>
</body>
`;

exports[`Icon component 
  name: "events", size: 50, appearance: "alert_lighter", onClick: "[Function]"
 1`] = `
<body>
  <div>
    <i
      class="material-icons material-icons-round Icon Icon--alertLighter"
      style="font-size: 50px; width: 50px;"
    >
      events_round
    </i>
  </div>
</body>
`;

exports[`Icon component 
  name: "events", size: 50, appearance: "destructive", onClick: "[Function]"
 1`] = `
<body>
  <div>
    <i
      class="material-icons material-icons-round Icon Icon--destructive"
      style="font-size: 50px; width: 50px;"
    >
      events_round
    </i>
  </div>
</body>
`;

exports[`Icon component 
  name: "events", size: 50, appearance: "disabled", onClick: "[Function]"
 1`] = `
<body>
  <div>
    <i
      class="material-icons material-icons-round Icon Icon--disabled"
      style="font-size: 50px; width: 50px;"
    >
      events_round
    </i>
  </div>
</body>
`;

exports[`Icon component 
  name: "events", size: 50, appearance: "info", onClick: "[Function]"
 1`] = `
<body>
  <div>
    <i
      class="material-icons material-icons-round Icon Icon--info"
      style="font-size: 50px; width: 50px;"
    >
      events_round
    </i>
  </div>
</body>
`;

exports[`Icon component 
  name: "events", size: 50, appearance: "inverse", onClick: "[Function]"
 1`] = `
<body>
  <div>
    <i
      class="material-icons material-icons-round Icon Icon--inverse"
      style="font-size: 50px; width: 50px;"
    >
      events_round
    </i>
  </div>
</body>
`;

exports[`Icon component 
  name: "events", size: 50, appearance: "primary", onClick: "[Function]"
 1`] = `
<body>
  <div>
    <i
      class="material-icons material-icons-round Icon Icon--primary"
      style="font-size: 50px; width: 50px;"
    >
      events_round
    </i>
  </div>
</body>
`;

exports[`Icon component 
  name: "events", size: 50, appearance: "primary_dark", onClick: "[Function]"
 1`] = `
<body>
  <div>
    <i
      class="material-icons material-icons-round Icon Icon--primaryDark"
      style="font-size: 50px; width: 50px;"
    >
      events_round
    </i>
  </div>
</body>
`;

exports[`Icon component 
  name: "events", size: 50, appearance: "primary_lighter", onClick: "[Function]"
 1`] = `
<body>
  <div>
    <i
      class="material-icons material-icons-round Icon Icon--primaryLighter"
      style="font-size: 50px; width: 50px;"
    >
      events_round
    </i>
  </div>
</body>
`;

exports[`Icon component 
  name: "events", size: 50, appearance: "subtle", onClick: "[Function]"
 1`] = `
<body>
  <div>
    <i
      class="material-icons material-icons-round Icon Icon--subtle"
      style="font-size: 50px; width: 50px;"
    >
      events_round
    </i>
  </div>
</body>
`;

exports[`Icon component 
  name: "events", size: 50, appearance: "success", onClick: "[Function]"
 1`] = `
<body>
  <div>
    <i
      class="material-icons material-icons-round Icon Icon--success"
      style="font-size: 50px; width: 50px;"
    >
      events_round
    </i>
  </div>
</body>
`;

exports[`Icon component 
  name: "events", size: 50, appearance: "success_dark", onClick: "[Function]"
 1`] = `
<body>
  <div>
    <i
      class="material-icons material-icons-round Icon Icon--successDark"
      style="font-size: 50px; width: 50px;"
    >
      events_round
    </i>
  </div>
</body>
`;

exports[`Icon component 
  name: "events", size: 50, appearance: "success_lighter", onClick: "[Function]"
 1`] = `
<body>
  <div>
    <i
      class="material-icons material-icons-round Icon Icon--successLighter"
      style="font-size: 50px; width: 50px;"
    >
      events_round
    </i>
  </div>
</body>
`;

exports[`Icon component 
  name: "events", size: 50, appearance: "warning", onClick: "[Function]"
 1`] = `
<body>
  <div>
    <i
      class="material-icons material-icons-round Icon Icon--warning"
      style="font-size: 50px; width: 50px;"
    >
      events_round
    </i>
  </div>
</body>
`;

exports[`Icon component 
  name: "events", size: 50, appearance: "warning_dark", onClick: "[Function]"
 1`] = `
<body>
  <div>
    <i
      class="material-icons material-icons-round Icon Icon--warningDark"
      style="font-size: 50px; width: 50px;"
    >
      events_round
    </i>
  </div>
</body>
`;

exports[`Icon component 
  name: "events", size: 50, appearance: "warning_lighter", onClick: "[Function]"
 1`] = `
<body>
  <div>
    <i
      class="material-icons material-icons-round Icon Icon--warningLighter"
      style="font-size: 50px; width: 50px;"
    >
      events_round
    </i>
  </div>
</body>
`;

exports[`Icon component 
  name: "events", size: 50, appearance: "white", onClick: "[Function]"
 1`] = `
<body>
  <div>
    <i
      class="material-icons material-icons-round Icon Icon--white"
      style="font-size: 50px; width: 50px;"
    >
      events_round
    </i>
  </div>
</body>
`;

exports[`Icon component 
  name: "events", size: 50, type: "filled", onClick: "[Function]"
 1`] = `
<body>
  <div>
    <i
      class="material-icons Icon"
      style="font-size: 50px; width: 50px;"
    >
      events_filled
    </i>
  </div>
</body>
`;

exports[`Icon component 
  name: "events", size: 50, type: "outline", onClick: "[Function]"
 1`] = `
<body>
  <div>
    <i
      class="material-icons material-icons-outlined Icon"
      style="font-size: 50px; width: 50px;"
    >
      events_outlined
    </i>
  </div>
</body>
`;

exports[`Icon component 
  name: "events", size: 50, type: "outlined", onClick: "[Function]"
 1`] = `
<body>
  <div>
    <i
      class="material-icons material-icons-outlined Icon"
      style="font-size: 50px; width: 50px;"
    >
      events_outlined
    </i>
  </div>
</body>
`;

exports[`Icon component 
  name: "events", size: 50, type: "round", onClick: "[Function]"
 1`] = `
<body>
  <div>
    <i
      class="material-icons material-icons-round Icon"
      style="font-size: 50px; width: 50px;"
    >
      events_round
    </i>
  </div>
</body>
`;

exports[`Icon component 
  name: "events", size: 50, type: "rounded", onClick: "[Function]"
 1`] = `
<body>
  <div>
    <i
      class="material-icons material-icons-round Icon"
      style="font-size: 50px; width: 50px;"
    >
      events_round
    </i>
  </div>
</body>
`;

exports[`Icon component 
  name: "events", size: 50, type: "sharp", onClick: "[Function]"
 1`] = `
<body>
  <div>
    <i
      class="material-icons material-icons-sharp Icon"
      style="font-size: 50px; width: 50px;"
    >
      events_sharp
    </i>
  </div>
</body>
`;

exports[`Icon component 
  name: "events", size: 50, type: "two-tone", onClick: "[Function]"
 1`] = `
<body>
  <div>
    <i
      class="material-icons material-icons-two-tone Icon"
      style="font-size: 50px; width: 50px;"
    >
      events_two-tone
    </i>
  </div>
</body>
`;
